
> beeftextai@0.1.6 tauri
> tauri build

        Info Looking up installed tauri packages to check mismatched versions...
     Running beforeBuildCommand `npm run build`

> beeftextai@0.1.6 build
> tsc && vite build

[36mvite v7.3.1 [32mbuilding client environment for production...[36m[39m
transforming...
[32mΓ£ô[39m 34 modules transformed.
rendering chunks...
computing gzip size...
[2mdist/[22m[32mindex.html                 [39m[1m[2m  0.90 kB[22m[1m[22m[2m Γöé gzip:  0.49 kB[22m
[2mdist/[22m[35massets/index-yi5P_xla.css  [39m[1m[2m 15.45 kB[22m[1m[22m[2m Γöé gzip:  3.59 kB[22m
[2mdist/[22m[36massets/index-Vhvqf0jC.js   [39m[1m[2m238.07 kB[22m[1m[22m[2m Γöé gzip: 72.30 kB[22m
[32mΓ£ô built in 931ms[39m
   Compiling beeftextai v0.1.6 (C:\Users\Tedi Rahmat\BeeftextAI\src-tauri)
    Finished `release` profile [optimized] target(s) in 1m 12s
       Built application at: C:\Users\Tedi Rahmat\BeeftextAI\src-tauri\target\release\beeftextai.exe
        Info Patching C:\Users\Tedi Rahmat\BeeftextAI\src-tauri\target\release\beeftextai.exe with bundle type information: msi
        Info Target: x64
     Running candle for "C:\\Users\\Tedi Rahmat\\BeeftextAI\\src-tauri\\target\\release\\wix\\x64\\main.wxs"
     Running light to produce C:\Users\Tedi Rahmat\BeeftextAI\src-tauri\target\release\bundle\msi\BeefText AI_0.1.6_x64_en-US.msi
        Info Patching C:\Users\Tedi Rahmat\BeeftextAI\src-tauri\target\release\beeftextai.exe with bundle type information: nsis
        Info Target: x64
     Running makensis to produce C:\Users\Tedi Rahmat\BeeftextAI\src-tauri\target\release\bundle\nsis\BeefText AI_0.1.6_x64-setup.exe
    Finished 2 bundles at:
        C:\Users\Tedi Rahmat\BeeftextAI\src-tauri\target\release\bundle\msi\BeefText AI_0.1.6_x64_en-US.msi
        C:\Users\Tedi Rahmat\BeeftextAI\src-tauri\target\release\bundle\nsis\BeefText AI_0.1.6_x64-setup.exe

failed to decode pubkey: failed to decode base64 pubkey: failed to convert base64 to utf8: invalid utf-8 sequence of 1 bytes from index 4
       Error failed to decode pubkey: failed to decode base64 pubkey: failed to convert base64 to utf8: invalid utf-8 sequence of 1 bytes from index 4
